201 : signup mobile already exist
202 : 
203: 
204:
205:
206:
